// Jest Snapshot v1, https://goo.gl/fbAQLP

exports[`BoardComponent renders correctly - toMatchSnapshot 1`] = `ShallowWrapper {}`;
