// Jest Snapshot v1, https://goo.gl/fbAQLP

exports[`CellComponent component renders correctly - toMatchSnapshot 1`] = `ShallowWrapper {}`;
