// Jest Snapshot v1, https://goo.gl/fbAQLP

exports[`ItemComponent component renders correctly - toMatchSnapshot 1`] = `ShallowWrapper {}`;
