// Jest Snapshot v1, https://goo.gl/fbAQLP

exports[`LayoutComponent renders correctly - toMatchSnapshot 1`] = `ShallowWrapper {}`;
